 Server

 Timestamp is 5c58c4da (Tue Feb 05 02:03:54 2019)

 Preferred load address is 00400000

 Start         Length     Name                   Class
 0001:00000000 000001e4H .idata$5                CODE
 0001:000001e8 00000670H .rdata                  CODE
 0001:00000860 0000485cH .text                   CODE
 0001:000050c0 00000004H .text$0                 CODE
 0001:000050d0 00029230H .text$1                 CODE
 0001:0002e300 00000004H .text$2                 CODE
 0001:0002e304 00000014H .idata$2                CODE
 0001:0002e318 00000014H .idata$3                CODE
 0001:0002e32c 000001e4H .idata$4                CODE
 0001:0002e510 000006ccH .idata$6                CODE
 0001:0002ebdc 00000000H .edata                  CODE
 0002:00000000 00000004H .data                   DATA
 0002:00000008 00000cecH .bss                    DATA
 0003:00000000 00000118H .rsrc$01                DATA
 0003:00000120 0000062eH .rsrc$02                DATA

  Address         Publics by Value              Rva+Base     Lib:Object

 0001:00000000       __imp_@__vbaVarSub         00401000     Server1.OBJ
 0001:00000000       __imp____vbaVarSub         00401000     Server1.OBJ
 0001:00000004       __imp____vbaVarTstGt       00401004     Server1.OBJ
 0001:00000004       __imp_@__vbaVarTstGt       00401004     Server1.OBJ
 0001:00000008       __imp____vbaStrI2          00401008     Server1.OBJ
 0001:00000008       __imp_@__vbaStrI2          00401008     Server1.OBJ
 0001:0000000c       __imp___CIcos              0040100c     Server1.OBJ
 0001:00000010       __imp___adj_fptan          00401010     Server1.OBJ
 0001:00000014       __imp____vbaVarMove        00401014     Server1.OBJ
 0001:00000014       __imp_@__vbaVarMove        00401014     Server1.OBJ
 0001:00000018       __imp_@__vbaStrI4          00401018     Server1.OBJ
 0001:00000018       __imp____vbaStrI4          00401018     Server1.OBJ
 0001:0000001c       __imp_@__vbaVarVargNofree  0040101c     Server1.OBJ
 0001:0000001c       __imp____vbaVarVargNofree  0040101c     Server1.OBJ
 0001:00000020       __imp_@__vbaFreeVar        00401020     Server1.OBJ
 0001:00000020       __imp____vbaFreeVar        00401020     Server1.OBJ
 0001:00000024       __imp_@__vbaStrVarMove     00401024     Server1.OBJ
 0001:00000024       __imp____vbaStrVarMove     00401024     Server1.OBJ
 0001:00000028       __imp_@__vbaLenBstr        00401028     Server1.OBJ
 0001:00000028       __imp____vbaLenBstr        00401028     Server1.OBJ
 0001:0000002c       __imp_@__vbaLateIdCall     0040102c     Server1.OBJ
 0001:0000002c       __imp____vbaLateIdCall     0040102c     Server1.OBJ
 0001:00000030       __imp____vba@07858CA0      00401030     Server1.OBJ
 0001:00000030       __imp_@__vba@07858CA0      00401030     Server1.OBJ
 0001:00000034       __imp_@__vbaFreeVarList    00401034     Server1.OBJ
 0001:00000034       __imp____vbaFreeVarList    00401034     Server1.OBJ
 0001:00000038       __imp_@__vbaEnd            00401038     Server1.OBJ
 0001:00000038       __imp____vbaEnd            00401038     Server1.OBJ
 0001:0000003c       __imp___adj_fdiv_m64       0040103c     Server1.OBJ
 0001:00000040       __imp_@__vbaVarIndexStore  00401040     Server1.OBJ
 0001:00000040       __imp____vbaVarIndexStore  00401040     Server1.OBJ
 0001:00000044       __imp____vbaFreeObjList    00401044     Server1.OBJ
 0001:00000044       __imp_@__vbaFreeObjList    00401044     Server1.OBJ
 0001:00000048       __imp___adj_fprem1         00401048     Server1.OBJ
 0001:0000004c       __imp____vbaRecAnsiToUni   0040104c     Server1.OBJ
 0001:0000004c       __imp_@__vbaRecAnsiToUni   0040104c     Server1.OBJ
 0001:00000050       __imp_@__vbaCopyBytes      00401050     Server1.OBJ
 0001:00000050       __imp____vbaCopyBytes      00401050     Server1.OBJ
 0001:00000054       __imp_@__vbaStrCat         00401054     Server1.OBJ
 0001:00000054       __imp____vbaStrCat         00401054     Server1.OBJ
 0001:00000058       __imp_@__vbaVarCmpNe       00401058     Server1.OBJ
 0001:00000058       __imp____vbaVarCmpNe       00401058     Server1.OBJ
 0001:0000005c       __imp_@__vba@07859B24      0040105c     Server1.OBJ
 0001:0000005c       __imp____vba@07859B24      0040105c     Server1.OBJ
 0001:00000060       __imp_@__vbaLsetFixstr     00401060     Server1.OBJ
 0001:00000060       __imp____vbaLsetFixstr     00401060     Server1.OBJ
 0001:00000064       __imp_@__vbaSetSystemError 00401064     Server1.OBJ
 0001:00000064       __imp____vbaSetSystemError 00401064     Server1.OBJ
 0001:00000068       __imp____vbaHresultCheckObj 00401068     Server1.OBJ
 0001:00000068       __imp_@__vbaHresultCheckObj 00401068     Server1.OBJ
 0001:0000006c       __imp____vba@07858A6C      0040106c     Server1.OBJ
 0001:0000006c       __imp_@__vba@07858A6C      0040106c     Server1.OBJ
 0001:00000070       __imp_@__vbaLenVar         00401070     Server1.OBJ
 0001:00000070       __imp____vbaLenVar         00401070     Server1.OBJ
 0001:00000074       __imp___adj_fdiv_m32       00401074     Server1.OBJ
 0001:00000078       __imp____vbaAryDestruct    00401078     Server1.OBJ
 0001:00000078       __imp_@__vbaAryDestruct    00401078     Server1.OBJ
 0001:0000007c       __imp____vbaVarIndexLoadRefLock 0040107c     Server1.OBJ
 0001:0000007c       __imp_@__vbaVarIndexLoadRefLock 0040107c     Server1.OBJ
 0001:00000080       __imp____vbaVarForInit     00401080     Server1.OBJ
 0001:00000080       __imp_@__vbaVarForInit     00401080     Server1.OBJ
 0001:00000084       __imp_@__vbaObjSet         00401084     Server1.OBJ
 0001:00000084       __imp____vbaObjSet         00401084     Server1.OBJ
 0001:00000088       __imp____vbaOnError        00401088     Server1.OBJ
 0001:00000088       __imp_@__vbaOnError        00401088     Server1.OBJ
 0001:0000008c       __imp____vba@0781AF80      0040108c     Server1.OBJ
 0001:0000008c       __imp_@__vba@0781AF80      0040108c     Server1.OBJ
 0001:00000090       __imp___adj_fdiv_m16i      00401090     Server1.OBJ
 0001:00000094       __imp____vbaObjSetAddref   00401094     Server1.OBJ
 0001:00000094       __imp_@__vbaObjSetAddref   00401094     Server1.OBJ
 0001:00000098       __imp___adj_fdivr_m16i     00401098     Server1.OBJ
 0001:0000009c       __imp____vbaVarIndexLoad   0040109c     Server1.OBJ
 0001:0000009c       __imp_@__vbaVarIndexLoad   0040109c     Server1.OBJ
 0001:000000a0       __imp____vbaVarTstLt       004010a0     Server1.OBJ
 0001:000000a0       __imp_@__vbaVarTstLt       004010a0     Server1.OBJ
 0001:000000a4       __imp____vbaBoolVarNull    004010a4     Server1.OBJ
 0001:000000a4       __imp_@__vbaBoolVarNull    004010a4     Server1.OBJ
 0001:000000a8       __imp____vbaRefVarAry      004010a8     Server1.OBJ
 0001:000000a8       __imp_@__vbaRefVarAry      004010a8     Server1.OBJ
 0001:000000ac       __imp____vbaFpR8           004010ac     Server1.OBJ
 0001:000000ac       __imp_@__vbaFpR8           004010ac     Server1.OBJ
 0001:000000b0       __imp___CIsin              004010b0     Server1.OBJ
 0001:000000b4       __imp_@__vba@0781AE64      004010b4     Server1.OBJ
 0001:000000b4       __imp____vba@0781AE64      004010b4     Server1.OBJ
 0001:000000b8       __imp____vbaChkstk         004010b8     Server1.OBJ
 0001:000000c0       __imp_@__vbaGenerateBoundsError 004010c0     Server1.OBJ
 0001:000000c0       __imp____vbaGenerateBoundsError 004010c0     Server1.OBJ
 0001:000000c4       __imp_@__vbaStrCmp         004010c4     Server1.OBJ
 0001:000000c4       __imp____vbaStrCmp         004010c4     Server1.OBJ
 0001:000000c8       __imp____vbaAryConstruct2  004010c8     Server1.OBJ
 0001:000000c8       __imp_@__vbaAryConstruct2  004010c8     Server1.OBJ
 0001:000000cc       __imp_@__vbaVarTstEq       004010cc     Server1.OBJ
 0001:000000cc       __imp____vbaVarTstEq       004010cc     Server1.OBJ
 0001:000000d0       __imp____vbaI2I4           004010d0     Server1.OBJ
 0001:000000d0       __imp_@__vbaI2I4           004010d0     Server1.OBJ
 0001:000000d8       __imp____vbaVarOr          004010d8     Server1.OBJ
 0001:000000d8       __imp_@__vbaVarOr          004010d8     Server1.OBJ
 0001:000000dc       __imp____vbaCastObjVar     004010dc     Server1.OBJ
 0001:000000dc       __imp_@__vbaCastObjVar     004010dc     Server1.OBJ
 0001:000000e0       __imp_@__vbaRedimPreserve  004010e0     Server1.OBJ
 0001:000000e0       __imp____vbaRedimPreserve  004010e0     Server1.OBJ
 0001:000000e4       __imp___adj_fpatan         004010e4     Server1.OBJ
 0001:000000e8       __imp_@__vbaLateIdCallLd   004010e8     Server1.OBJ
 0001:000000e8       __imp____vbaLateIdCallLd   004010e8     Server1.OBJ
 0001:000000ec       __imp_@__vbaRedim          004010ec     Server1.OBJ
 0001:000000ec       __imp____vbaRedim          004010ec     Server1.OBJ
 0001:000000f0       __imp_@__vbaStrR8          004010f0     Server1.OBJ
 0001:000000f0       __imp____vbaStrR8          004010f0     Server1.OBJ
 0001:000000f4       __imp____vbaRecUniToAnsi   004010f4     Server1.OBJ
 0001:000000f4       __imp_@__vbaRecUniToAnsi   004010f4     Server1.OBJ
 0001:000000fc       __imp____vbaUI1I2          004010fc     Server1.OBJ
 0001:000000fc       __imp_@__vbaUI1I2          004010fc     Server1.OBJ
 0001:00000100       __imp___CIsqrt             00401100     Server1.OBJ
 0001:00000104       __imp____vbaVarAnd         00401104     Server1.OBJ
 0001:00000104       __imp_@__vbaVarAnd         00401104     Server1.OBJ
 0001:0000010c       __imp____vbaVarMul         0040110c     Server1.OBJ
 0001:0000010c       __imp_@__vbaVarMul         0040110c     Server1.OBJ
 0001:00000110       __imp____vbaExceptHandler  00401110     Server1.OBJ
 0001:00000114       __imp____vba@007468FC      00401114     Server1.OBJ
 0001:00000114       __imp_@__vba@007468FC      00401114     Server1.OBJ
 0001:00000118       __imp___adj_fprem          00401118     Server1.OBJ
 0001:0000011c       __imp___adj_fdivr_m64      0040111c     Server1.OBJ
 0001:00000120       __imp____vbaVarDiv         00401120     Server1.OBJ
 0001:00000120       __imp_@__vbaVarDiv         00401120     Server1.OBJ
 0001:00000124       __imp____vbaI2Str          00401124     Server1.OBJ
 0001:00000124       __imp_@__vbaI2Str          00401124     Server1.OBJ
 0001:00000128       __imp_@__vba@07856BD4      00401128     Server1.OBJ
 0001:00000128       __imp____vba@07856BD4      00401128     Server1.OBJ
 0001:0000012c       __imp____vbaFPException    0040112c     Server1.OBJ
 0001:00000130       __imp_@__vbaInStrVar       00401130     Server1.OBJ
 0001:00000130       __imp____vbaInStrVar       00401130     Server1.OBJ
 0001:00000134       __imp____vbaUbound         00401134     Server1.OBJ
 0001:00000134       __imp_@__vbaUbound         00401134     Server1.OBJ
 0001:00000138       __imp____vbaStrVarVal      00401138     Server1.OBJ
 0001:00000138       __imp_@__vbaStrVarVal      00401138     Server1.OBJ
 0001:0000013c       __imp____vbaVarCat         0040113c     Server1.OBJ
 0001:0000013c       __imp_@__vbaVarCat         0040113c     Server1.OBJ
 0001:00000140       __imp____vbaI2Var          00401140     Server1.OBJ
 0001:00000140       __imp_@__vbaI2Var          00401140     Server1.OBJ
 0001:00000144       __imp____vba@0785A318      00401144     Server1.OBJ
 0001:00000144       __imp_@__vba@0785A318      00401144     Server1.OBJ
 0001:00000148       __imp___CIlog              00401148     Server1.OBJ
 0001:0000014c       __imp____vbaErrorOverflow  0040114c     Server1.OBJ
 0001:0000014c       __imp_@__vbaErrorOverflow  0040114c     Server1.OBJ
 0001:00000150       __imp_@__vbaNew2           00401150     Server1.OBJ
 0001:00000150       __imp____vbaNew2           00401150     Server1.OBJ
 0001:00000154       __imp___adj_fdiv_m32i      00401154     Server1.OBJ
 0001:00000158       __imp___adj_fdivr_m32i     00401158     Server1.OBJ
 0001:0000015c       __imp____vbaStrCopy        0040115c     Server1.OBJ
 0001:0000015c       __imp_@__vbaStrCopy        0040115c     Server1.OBJ
 0001:00000160       __imp____vbaI4Str          00401160     Server1.OBJ
 0001:00000160       __imp_@__vbaI4Str          00401160     Server1.OBJ
 0001:00000164       __imp_@__vba@07858680      00401164     Server1.OBJ
 0001:00000164       __imp____vba@07858680      00401164     Server1.OBJ
 0001:00000168       __imp_@__vbaFreeStrList    00401168     Server1.OBJ
 0001:00000168       __imp____vbaFreeStrList    00401168     Server1.OBJ
 0001:0000016c       __imp___adj_fdivr_m32      0040116c     Server1.OBJ
 0001:00000170       __imp___adj_fdiv_r         00401170     Server1.OBJ
 0001:00000174       __imp_@__vba@078585B8      00401174     Server1.OBJ
 0001:00000174       __imp____vba@078585B8      00401174     Server1.OBJ
 0001:0000017c       __imp_@__vbaVarTstNe       0040117c     Server1.OBJ
 0001:0000017c       __imp____vbaVarTstNe       0040117c     Server1.OBJ
 0001:00000180       __imp____vbaI4Var          00401180     Server1.OBJ
 0001:00000180       __imp_@__vbaI4Var          00401180     Server1.OBJ
 0001:00000184       __imp____vbaVarCmpEq       00401184     Server1.OBJ
 0001:00000184       __imp_@__vbaVarCmpEq       00401184     Server1.OBJ
 0001:00000188       __imp_@__vba@07859B5C      00401188     Server1.OBJ
 0001:00000188       __imp____vba@07859B5C      00401188     Server1.OBJ
 0001:0000018c       __imp_@__vbaAryLock        0040118c     Server1.OBJ
 0001:0000018c       __imp____vbaAryLock        0040118c     Server1.OBJ
 0001:00000190       __imp_@__vbaVarAdd         00401190     Server1.OBJ
 0001:00000190       __imp____vbaVarAdd         00401190     Server1.OBJ
 0001:00000194       __imp_@__vbaVarDup         00401194     Server1.OBJ
 0001:00000194       __imp____vbaVarDup         00401194     Server1.OBJ
 0001:00000198       __imp_@__vba@078589E4      00401198     Server1.OBJ
 0001:00000198       __imp____vba@078589E4      00401198     Server1.OBJ
 0001:0000019c       __imp____vbaFpI2           0040119c     Server1.OBJ
 0001:0000019c       __imp_@__vbaFpI2           0040119c     Server1.OBJ
 0001:000001a0       __imp____vbaFpI4           004011a0     Server1.OBJ
 0001:000001a0       __imp_@__vbaFpI4           004011a0     Server1.OBJ
 0001:000001a4       __imp_@__vbaVarCopy        004011a4     Server1.OBJ
 0001:000001a4       __imp____vbaVarCopy        004011a4     Server1.OBJ
 0001:000001a8       __imp___CIatan             004011a8     Server1.OBJ
 0001:000001ac       __imp____vbaStrMove        004011ac     Server1.OBJ
 0001:000001ac       __imp_@__vbaStrMove        004011ac     Server1.OBJ
 0001:000001b0       __imp_@__vbaStrVarCopy     004011b0     Server1.OBJ
 0001:000001b0       __imp____vbaStrVarCopy     004011b0     Server1.OBJ
 0001:000001b4       __imp_@__vba@07856D64      004011b4     Server1.OBJ
 0001:000001b4       __imp____vba@07856D64      004011b4     Server1.OBJ
 0001:000001b8       __imp___allmul             004011b8     Server1.OBJ
 0001:000001bc       __imp_@__vbaLateIdSt       004011bc     Server1.OBJ
 0001:000001bc       __imp____vbaLateIdSt       004011bc     Server1.OBJ
 0001:000001c0       __imp___CItan              004011c0     Server1.OBJ
 0001:000001c4       __imp_@__vbaUI1Var         004011c4     Server1.OBJ
 0001:000001c4       __imp____vbaUI1Var         004011c4     Server1.OBJ
 0001:000001c8       __imp_@__vbaAryUnlock      004011c8     Server1.OBJ
 0001:000001c8       __imp____vbaAryUnlock      004011c8     Server1.OBJ
 0001:000001cc       __imp____vbaVarForNext     004011cc     Server1.OBJ
 0001:000001cc       __imp_@__vbaVarForNext     004011cc     Server1.OBJ
 0001:000001d0       __imp___CIexp              004011d0     Server1.OBJ
 0001:000001d4       __imp_@__vbaFreeObj        004011d4     Server1.OBJ
 0001:000001d4       __imp____vbaFreeObj        004011d4     Server1.OBJ
 0001:000001d8       __imp____vbaFreeStr        004011d8     Server1.OBJ
 0001:000001d8       __imp_@__vbaFreeStr        004011d8     Server1.OBJ
 0001:000001dc       __imp_@__vba@0785984C      004011dc     Server1.OBJ
 0001:000001dc       __imp____vba@0785984C      004011dc     Server1.OBJ
 0001:00000340       __real@4@4002f000000000000000 00401340     Server.OBJ
 0001:00000460       __real@8@00000000000000000000 00401460     Server.OBJ
 0001:000007f0       __real@8@40028000000000000000 004017f0     Global.OBJ
 0001:00000818       __real@8@4005c800000000000000 00401818     Tehnika.OBJ
 0001:00000820       __real@8@400ae100000000000000 00401820     Tehnika.OBJ
 0001:00000860       VB@TEXT                    00401860     Server1.OBJ
 0001:00000860       ___vbaChkstk               00401860     Server1.OBJ
 0001:00000866       ___vbaExceptHandler        00401866     Server1.OBJ
 0001:0000086c       ___vbaFPException          0040186c     Server1.OBJ
 0001:00000872       __adj_fdiv_m16i            00401872     Server1.OBJ
 0001:00000878       __adj_fdiv_m32             00401878     Server1.OBJ
 0001:0000087e       __adj_fdiv_m32i            0040187e     Server1.OBJ
 0001:00000884       __adj_fdiv_m64             00401884     Server1.OBJ
 0001:0000088a       __adj_fdiv_r               0040188a     Server1.OBJ
 0001:00000890       __adj_fdivr_m16i           00401890     Server1.OBJ
 0001:00000896       __adj_fdivr_m32            00401896     Server1.OBJ
 0001:0000089c       __adj_fdivr_m32i           0040189c     Server1.OBJ
 0001:000008a2       __adj_fdivr_m64            004018a2     Server1.OBJ
 0001:000008a8       __adj_fpatan               004018a8     Server1.OBJ
 0001:000008ae       __adj_fprem                004018ae     Server1.OBJ
 0001:000008b4       __adj_fprem1               004018b4     Server1.OBJ
 0001:000008ba       __adj_fptan                004018ba     Server1.OBJ
 0001:000008c0       __CIatan                   004018c0     Server1.OBJ
 0001:000008c6       __CIcos                    004018c6     Server1.OBJ
 0001:000008cc       __CIexp                    004018cc     Server1.OBJ
 0001:000008d2       __CIlog                    004018d2     Server1.OBJ
 0001:000008d8       __CIsin                    004018d8     Server1.OBJ
 0001:000008de       __CIsqrt                   004018de     Server1.OBJ
 0001:000008e4       __CItan                    004018e4     Server1.OBJ
 0001:000008ea       __allmul                   004018ea     Server1.OBJ
 0001:000008f6       ___vba@078585B8            004018f6     Server1.OBJ
 0001:000008f6       @__vba@078585B8            004018f6     Server1.OBJ
 0001:000008fc       ___vbaUI1I2                004018fc     Server1.OBJ
 0001:000008fc       @__vbaUI1I2                004018fc     Server1.OBJ
 0001:00000902       @__vbaI2Str                00401902     Server1.OBJ
 0001:00000902       ___vbaI2Str                00401902     Server1.OBJ
 0001:00000908       ___vba@07858680            00401908     Server1.OBJ
 0001:00000908       @__vba@07858680            00401908     Server1.OBJ
 0001:0000090e       @__vbaVarOr                0040190e     Server1.OBJ
 0001:0000090e       ___vbaVarOr                0040190e     Server1.OBJ
 0001:00000914       ___vbaLenVar               00401914     Server1.OBJ
 0001:00000914       @__vbaLenVar               00401914     Server1.OBJ
 0001:0000091a       ___vbaFpR8                 0040191a     Server1.OBJ
 0001:0000091a       @__vbaFpR8                 0040191a     Server1.OBJ
 0001:00000920       @__vba@078589E4            00401920     Server1.OBJ
 0001:00000920       ___vba@078589E4            00401920     Server1.OBJ
 0001:00000926       @__vbaVarIndexStore        00401926     Server1.OBJ
 0001:00000926       ___vbaVarIndexStore        00401926     Server1.OBJ
 0001:0000092c       ___vba@07858A6C            0040192c     Server1.OBJ
 0001:0000092c       @__vba@07858A6C            0040192c     Server1.OBJ
 0001:00000932       ___vbaAryUnlock            00401932     Server1.OBJ
 0001:00000932       @__vbaAryUnlock            00401932     Server1.OBJ
 0001:00000938       ___vbaVarIndexLoadRefLock  00401938     Server1.OBJ
 0001:00000938       @__vbaVarIndexLoadRefLock  00401938     Server1.OBJ
 0001:0000093e       ___vbaFpI2                 0040193e     Server1.OBJ
 0001:0000093e       @__vbaFpI2                 0040193e     Server1.OBJ
 0001:00000944       @__vbaRefVarAry            00401944     Server1.OBJ
 0001:00000944       ___vbaRefVarAry            00401944     Server1.OBJ
 0001:0000094a       @__vbaVarTstEq             0040194a     Server1.OBJ
 0001:0000094a       ___vbaVarTstEq             0040194a     Server1.OBJ
 0001:00000950       @__vbaStrI2                00401950     Server1.OBJ
 0001:00000950       ___vbaStrI2                00401950     Server1.OBJ
 0001:00000956       ___vba@07858CA0            00401956     Server1.OBJ
 0001:00000956       @__vba@07858CA0            00401956     Server1.OBJ
 0001:0000095c       ___vbaInStrVar             0040195c     Server1.OBJ
 0001:0000095c       @__vbaInStrVar             0040195c     Server1.OBJ
 0001:00000962       ___vbaStrVarCopy           00401962     Server1.OBJ
 0001:00000962       @__vbaStrVarCopy           00401962     Server1.OBJ
 0001:00000968       @__vbaVarCopy              00401968     Server1.OBJ
 0001:00000968       ___vbaVarCopy              00401968     Server1.OBJ
 0001:0000096e       ___vbaCastObjVar           0040196e     Server1.OBJ
 0001:0000096e       @__vbaCastObjVar           0040196e     Server1.OBJ
 0001:00000974       ___vbaI4Str                00401974     Server1.OBJ
 0001:00000974       @__vbaI4Str                00401974     Server1.OBJ
 0001:0000097a       @__vbaLateIdCall           0040197a     Server1.OBJ
 0001:0000097a       ___vbaLateIdCall           0040197a     Server1.OBJ
 0001:00000980       ___vbaI2I4                 00401980     Server1.OBJ
 0001:00000980       @__vbaI2I4                 00401980     Server1.OBJ
 0001:00000986       @__vbaStrR8                00401986     Server1.OBJ
 0001:00000986       ___vbaStrR8                00401986     Server1.OBJ
 0001:0000098c       ___vbaVarTstGt             0040198c     Server1.OBJ
 0001:0000098c       @__vbaVarTstGt             0040198c     Server1.OBJ
 0001:00000992       ___vbaLateIdSt             00401992     Server1.OBJ
 0001:00000992       @__vbaLateIdSt             00401992     Server1.OBJ
 0001:00000998       ___vbaEnd                  00401998     Server1.OBJ
 0001:00000998       @__vbaEnd                  00401998     Server1.OBJ
 0001:0000099e       ___vbaRecAnsiToUni         0040199e     Server1.OBJ
 0001:0000099e       @__vbaRecAnsiToUni         0040199e     Server1.OBJ
 0001:000009a4       ___vbaSetSystemError       004019a4     Server1.OBJ
 0001:000009a4       @__vbaSetSystemError       004019a4     Server1.OBJ
 0001:000009aa       ___vbaRecUniToAnsi         004019aa     Server1.OBJ
 0001:000009aa       @__vbaRecUniToAnsi         004019aa     Server1.OBJ
 0001:000009b0       ___vbaLateIdCallLd         004019b0     Server1.OBJ
 0001:000009b0       @__vbaLateIdCallLd         004019b0     Server1.OBJ
 0001:000009b6       ___vbaLenBstr              004019b6     Server1.OBJ
 0001:000009b6       @__vbaLenBstr              004019b6     Server1.OBJ
 0001:000009bc       ___vba@0781AE64            004019bc     Server1.OBJ
 0001:000009bc       @__vba@0781AE64            004019bc     Server1.OBJ
 0001:000009c2       ___vbaStrCmp               004019c2     Server1.OBJ
 0001:000009c2       @__vbaStrCmp               004019c2     Server1.OBJ
 0001:000009c8       @__vbaStrVarMove           004019c8     Server1.OBJ
 0001:000009c8       ___vbaStrVarMove           004019c8     Server1.OBJ
 0001:000009ce       ___vbaVarVargNofree        004019ce     Server1.OBJ
 0001:000009ce       @__vbaVarVargNofree        004019ce     Server1.OBJ
 0001:000009d4       @__vba@0781AF80            004019d4     Server1.OBJ
 0001:000009d4       ___vba@0781AF80            004019d4     Server1.OBJ
 0001:000009da       @__vbaVarTstNe             004019da     Server1.OBJ
 0001:000009da       ___vbaVarTstNe             004019da     Server1.OBJ
 0001:000009e0       @__vbaErrorOverflow        004019e0     Server1.OBJ
 0001:000009e0       ___vbaErrorOverflow        004019e0     Server1.OBJ
 0001:000009e6       ___vbaAryDestruct          004019e6     Server1.OBJ
 0001:000009e6       @__vbaAryDestruct          004019e6     Server1.OBJ
 0001:000009ec       @__vbaStrI4                004019ec     Server1.OBJ
 0001:000009ec       ___vbaStrI4                004019ec     Server1.OBJ
 0001:000009f2       @__vbaVarForNext           004019f2     Server1.OBJ
 0001:000009f2       ___vbaVarForNext           004019f2     Server1.OBJ
 0001:000009f8       ___vbaOnError              004019f8     Server1.OBJ
 0001:000009f8       @__vbaOnError              004019f8     Server1.OBJ
 0001:000009fe       ___vbaFpI4                 004019fe     Server1.OBJ
 0001:000009fe       @__vbaFpI4                 004019fe     Server1.OBJ
 0001:00000a04       ___vba@0785984C            00401a04     Server1.OBJ
 0001:00000a04       @__vba@0785984C            00401a04     Server1.OBJ
 0001:00000a0a       ___vbaI4Var                00401a0a     Server1.OBJ
 0001:00000a0a       @__vbaI4Var                00401a0a     Server1.OBJ
 0001:00000a10       @__vbaVarCmpEq             00401a10     Server1.OBJ
 0001:00000a10       ___vbaVarCmpEq             00401a10     Server1.OBJ
 0001:00000a16       @__vbaVarCmpNe             00401a16     Server1.OBJ
 0001:00000a16       ___vbaVarCmpNe             00401a16     Server1.OBJ
 0001:00000a1c       @__vbaVarAnd               00401a1c     Server1.OBJ
 0001:00000a1c       ___vbaVarAnd               00401a1c     Server1.OBJ
 0001:00000a22       ___vbaBoolVarNull          00401a22     Server1.OBJ
 0001:00000a22       @__vbaBoolVarNull          00401a22     Server1.OBJ
 0001:00000a28       ___vbaVarIndexLoad         00401a28     Server1.OBJ
 0001:00000a28       @__vbaVarIndexLoad         00401a28     Server1.OBJ
 0001:00000a2e       @__vbaVarCat               00401a2e     Server1.OBJ
 0001:00000a2e       ___vbaVarCat               00401a2e     Server1.OBJ
 0001:00000a34       ___vbaFreeVarList          00401a34     Server1.OBJ
 0001:00000a34       @__vbaFreeVarList          00401a34     Server1.OBJ
 0001:00000a3a       @__vbaFreeStr              00401a3a     Server1.OBJ
 0001:00000a3a       ___vbaFreeStr              00401a3a     Server1.OBJ
 0001:00000a40       @__vbaVarSub               00401a40     Server1.OBJ
 0001:00000a40       ___vbaVarSub               00401a40     Server1.OBJ
 0001:00000a46       ___vbaVarAdd               00401a46     Server1.OBJ
 0001:00000a46       @__vbaVarAdd               00401a46     Server1.OBJ
 0001:00000a4c       ___vbaStrVarVal            00401a4c     Server1.OBJ
 0001:00000a4c       @__vbaStrVarVal            00401a4c     Server1.OBJ
 0001:00000a52       ___vbaVarDup               00401a52     Server1.OBJ
 0001:00000a52       @__vbaVarDup               00401a52     Server1.OBJ
 0001:00000a58       ___vba@007468FC            00401a58     Server1.OBJ
 0001:00000a58       @__vba@007468FC            00401a58     Server1.OBJ
 0001:00000a5e       ___vbaVarMove              00401a5e     Server1.OBJ
 0001:00000a5e       @__vbaVarMove              00401a5e     Server1.OBJ
 0001:00000a64       @__vba@07859B24            00401a64     Server1.OBJ
 0001:00000a64       ___vba@07859B24            00401a64     Server1.OBJ
 0001:00000a6a       @__vba@07859B5C            00401a6a     Server1.OBJ
 0001:00000a6a       ___vba@07859B5C            00401a6a     Server1.OBJ
 0001:00000a70       @__vbaVarForInit           00401a70     Server1.OBJ
 0001:00000a70       ___vbaVarForInit           00401a70     Server1.OBJ
 0001:00000a76       ___vbaStrCopy              00401a76     Server1.OBJ
 0001:00000a76       @__vbaStrCopy              00401a76     Server1.OBJ
 0001:00000a7c       ___vbaFreeVar              00401a7c     Server1.OBJ
 0001:00000a7c       @__vbaFreeVar              00401a7c     Server1.OBJ
 0001:00000a82       ___vbaI2Var                00401a82     Server1.OBJ
 0001:00000a82       @__vbaI2Var                00401a82     Server1.OBJ
 0001:00000a88       @__vbaRedimPreserve        00401a88     Server1.OBJ
 0001:00000a88       ___vbaRedimPreserve        00401a88     Server1.OBJ
 0001:00000a8e       ___vbaGenerateBoundsError  00401a8e     Server1.OBJ
 0001:00000a8e       @__vbaGenerateBoundsError  00401a8e     Server1.OBJ
 0001:00000a94       ___vbaUbound               00401a94     Server1.OBJ
 0001:00000a94       @__vbaUbound               00401a94     Server1.OBJ
 0001:00000a9a       @__vbaNew2                 00401a9a     Server1.OBJ
 0001:00000a9a       ___vbaNew2                 00401a9a     Server1.OBJ
 0001:00000aa0       ___vbaFreeObjList          00401aa0     Server1.OBJ
 0001:00000aa0       @__vbaFreeObjList          00401aa0     Server1.OBJ
 0001:00000aa6       @__vbaFreeObj              00401aa6     Server1.OBJ
 0001:00000aa6       ___vbaFreeObj              00401aa6     Server1.OBJ
 0001:00000aac       @__vbaHresultCheckObj      00401aac     Server1.OBJ
 0001:00000aac       ___vbaHresultCheckObj      00401aac     Server1.OBJ
 0001:00000ab2       @__vbaObjSet               00401ab2     Server1.OBJ
 0001:00000ab2       ___vbaObjSet               00401ab2     Server1.OBJ
 0001:00000ab8       @__vbaRedim                00401ab8     Server1.OBJ
 0001:00000ab8       ___vbaRedim                00401ab8     Server1.OBJ
 0001:00000abe       ___vbaAryConstruct2        00401abe     Server1.OBJ
 0001:00000abe       @__vbaAryConstruct2        00401abe     Server1.OBJ
 0001:00000ac4       ___vbaCopyBytes            00401ac4     Server1.OBJ
 0001:00000ac4       @__vbaCopyBytes            00401ac4     Server1.OBJ
 0001:00000aca       ___vbaFreeStrList          00401aca     Server1.OBJ
 0001:00000aca       @__vbaFreeStrList          00401aca     Server1.OBJ
 0001:00000ad0       @__vba@0785A318            00401ad0     Server1.OBJ
 0001:00000ad0       ___vba@0785A318            00401ad0     Server1.OBJ
 0001:00000ad6       @__vbaStrCat               00401ad6     Server1.OBJ
 0001:00000ad6       ___vbaStrCat               00401ad6     Server1.OBJ
 0001:00000adc       @__vbaStrMove              00401adc     Server1.OBJ
 0001:00000adc       ___vbaStrMove              00401adc     Server1.OBJ
 0001:00000ae2       @__vbaLsetFixstr           00401ae2     Server1.OBJ
 0001:00000ae2       ___vbaLsetFixstr           00401ae2     Server1.OBJ
 0001:00000ae8       @__vba@07856BD4            00401ae8     Server1.OBJ
 0001:00000ae8       ___vba@07856BD4            00401ae8     Server1.OBJ
 0001:00000aee       @__vbaVarMul               00401aee     Server1.OBJ
 0001:00000aee       ___vbaVarMul               00401aee     Server1.OBJ
 0001:00000af4       ___vbaVarTstLt             00401af4     Server1.OBJ
 0001:00000af4       @__vbaVarTstLt             00401af4     Server1.OBJ
 0001:00000afa       ___vbaObjSetAddref         00401afa     Server1.OBJ
 0001:00000afa       @__vbaObjSetAddref         00401afa     Server1.OBJ
 0001:00000b00       ___vbaUI1Var               00401b00     Server1.OBJ
 0001:00000b00       @__vbaUI1Var               00401b00     Server1.OBJ
 0001:00000b06       ___vba@07856D64            00401b06     Server1.OBJ
 0001:00000b06       @__vba@07856D64            00401b06     Server1.OBJ
 0001:00000b0c       @__vbaVarDiv               00401b0c     Server1.OBJ
 0001:00000b0c       ___vbaVarDiv               00401b0c     Server1.OBJ
 0001:00000b12       ___vbaAryLock              00401b12     Server1.OBJ
 0001:00000b12       @__vbaAryLock              00401b12     Server1.OBJ
 0001:00000b30       ___vbaS                    00401b30     Server1.OBJ
 0001:00001684       ___vba@00744924            00402684     Server1.OBJ
 0001:000016bc       ___vba@0074652C            004026bc     Server1.OBJ
 0001:00001744       ___vba@007460DC            00402744     Server1.OBJ
 0001:00001e70       ___vba@00745614            00402e70     Server1.OBJ
 0001:00002b48       ___vba@0781B27C            00403b48     Server1.OBJ
 0001:00002ccc       ___vba@0781B2D4            00403ccc     Server1.OBJ
 0001:00002cd4       ___vba@0781B2E0            00403cd4     Server1.OBJ
 0001:00002cdc       ___vba@0781B2EC            00403cdc     Server1.OBJ
 0001:00002ce4       ___vba@0781B2F8            00403ce4     Server1.OBJ
 0001:00002cf0       ___vba@0781B308            00403cf0     Server1.OBJ
 0001:00002cfc       ___vba@0781B318            00403cfc     Server1.OBJ
 0001:00002d0c       ___vba@0781B32C            00403d0c     Server1.OBJ
 0001:00002d1c       ___vba@0781B340            00403d1c     Server1.OBJ
 0001:00002d2c       ___vba@0781B354            00403d2c     Server1.OBJ
 0001:00002d3c       ___vba@0781B368            00403d3c     Server1.OBJ
 0001:00002d4c       ___vba@0781B37C            00403d4c     Server1.OBJ
 0001:00002d54       ___vba@0781B388            00403d54     Server1.OBJ
 0001:00002d64       ___vba@0781B39C            00403d64     Server1.OBJ
 0001:00002da0       ___vba@0781B3DC            00403da0     Server1.OBJ
 0001:00002da4       ___vba@0781B3E4            00403da4     Server1.OBJ
 0001:00002dcc       ___vba@0781B410            00403dcc     Server1.OBJ
 0001:00002dd8       ___vba@0781B420            00403dd8     Server1.OBJ
 0001:00002de8       ___vba@0781B434            00403de8     Server1.OBJ
 0001:00002df0       ___vba@0781B440            00403df0     Server1.OBJ
 0001:00002df8       ___vba@0781B44C            00403df8     Server1.OBJ
 0001:00002e08       ___vba@0781B460            00403e08     Server1.OBJ
 0001:00002e14       ___vba@0781B470            00403e14     Server1.OBJ
 0001:00002e1c       ___vba@0074583C            00403e1c     Server1.OBJ
 0001:00002e2c       ___vba@00745850            00403e2c     Server1.OBJ
 0001:00002e34       ___vba@0074585C            00403e34     Server1.OBJ
 0001:00002e44       ___vba@00745870            00403e44     Server1.OBJ
 0001:00002e50       ___vba@00745880            00403e50     Server1.OBJ
 0001:00002e5c       ___vba@00745890            00403e5c     Server1.OBJ
 0001:00002e68       ___vba@007458A0            00403e68     Server1.OBJ
 0001:00002e74       ___vba@007458B0            00403e74     Server1.OBJ
 0001:00002e84       ___vba@007458C4            00403e84     Server1.OBJ
 0001:00002e88       ___vba@007458CC            00403e88     Server1.OBJ
 0001:00002e98       ___vba@007458E0            00403e98     Server1.OBJ
 0001:00002ebc       ___vba@00745908            00403ebc     Server1.OBJ
 0001:00002ecc       ___vba@0074591C            00403ecc     Server1.OBJ
 0001:00002ef4       ___vba@00745948            00403ef4     Server1.OBJ
 0001:00002f00       ___vba@00745958            00403f00     Server1.OBJ
 0001:00002f10       ___vba@0074596C            00403f10     Server1.OBJ
 0001:00002f14       ___vba@00745974            00403f14     Server1.OBJ
 0001:00002f20       ___vba@00745984            00403f20     Server1.OBJ
 0001:00002f28       ___vba@00745990            00403f28     Server1.OBJ
 0001:00002f38       ___vba@007459A4            00403f38     Server1.OBJ
 0001:00002f40       ___vba@007459B0            00403f40     Server1.OBJ
 0001:00002f50       ___vba@007459C4            00403f50     Server1.OBJ
 0001:00002f74       ___vba@007459EC            00403f74     Server1.OBJ
 0001:00002f80       ___vba@007459FC            00403f80     Server1.OBJ
 0001:00002fa8       ___vba@00745A28            00403fa8     Server1.OBJ
 0001:00002fb8       ___vba@00744B4C            00403fb8     Server1.OBJ
 0001:00002fc0       ___vba@00744B58            00403fc0     Server1.OBJ
 0001:00002fc8       ___vba@00744B64            00403fc8     Server1.OBJ
 0001:00002fd8       ___vba@00744B78            00403fd8     Server1.OBJ
 0001:00002fdc       ___vba@00744B80            00403fdc     Server1.OBJ
 0001:00002fec       ___vba@00744B94            00403fec     Server1.OBJ
 0001:00002ff4       ___vba@00744BA0            00403ff4     Server1.OBJ
 0001:00003004       ___vba@00744BB4            00404004     Server1.OBJ
 0001:0000300c       ___vba@00744BC0            0040400c     Server1.OBJ
 0001:00003014       ___vba@00744BCC            00404014     Server1.OBJ
 0001:00003030       ___vba@00744BE8            00404030     Server1.OBJ
 0001:0000303c       ___vba@00744BF8            0040403c     Server1.OBJ
 0001:00003070       ___vba@00744C1C            00404070     Server1.OBJ
 0001:00003090       ___vba@00744C54            00404090     Server1.OBJ
 0001:000030b4       ___vba@00744C68            004040b4     Server1.OBJ
 0001:000030d4       ___vba@00744CA0            004040d4     Server1.OBJ
 0001:000030e0       ___vba@00744CB0            004040e0     Server1.OBJ
 0001:0000310c       ___vba@00744CCC            0040410c     Server1.OBJ
 0001:00003128       ___vba@00744D04            00404128     Server1.OBJ
 0001:00003134       ___vba@00744D14            00404134     Server1.OBJ
 0001:00003140       ___vba@00744D24            00404140     Server1.OBJ
 0001:0000314c       ___vba@00744D34            0040414c     Server1.OBJ
 0001:00003158       ___vba@00744084            00404158     Server1.OBJ
 0001:00003170       ___vba@007440A0            00404170     Server1.OBJ
 0001:000031ac       ___vba@007440E0            004041ac     Server1.OBJ
 0001:000031bc       ___vba@007440F0            004041bc     Server1.OBJ
 0001:000031e4       ___vba@00744108            004041e4     Server1.OBJ
 0001:00003204       ___vba@00744140            00404204     Server1.OBJ
 0001:00003214       ___vba@00744154            00404214     Server1.OBJ
 0001:0000323c       ___vba@0074416C            0040423c     Server1.OBJ
 0001:0000325c       ___vba@007441A4            0040425c     Server1.OBJ
 0001:00003288       ___vba@007441C0            00404288     Server1.OBJ
 0001:000032a8       ___vba@007441F8            004042a8     Server1.OBJ
 0001:000032d4       ___vba@00744214            004042d4     Server1.OBJ
 0001:000032f4       ___vba@0074424C            004042f4     Server1.OBJ
 0001:00003308       ___vba@00744268            00404308     Server1.OBJ
 0001:00003330       ___vba@00746304            00404330     Server1.OBJ
 0001:00003350       ___vba@0074633C            00404350     Server1.OBJ
 0001:00003370       ___vba@0074634C            00404370     Server1.OBJ
 0001:00003390       ___vba@00746384            00404390     Server1.OBJ
 0001:000033b4       ___vba@00746398            004043b4     Server1.OBJ
 0001:000033d4       ___vba@007463D0            004043d4     Server1.OBJ
 0001:000033fc       ___vba@007463E8            004043fc     Server1.OBJ
 0001:0000341c       ___vba@00746420            0040441c     Server1.OBJ
 0001:00003448       ___vba@0074643C            00404448     Server1.OBJ
 0001:00003468       ___vba@00746474            00404468     Server1.OBJ
 0001:000034b4       ___vba@007464C4            004044b4     Server1.OBJ
 0001:000034c8       ___vba@007464DC            004044c8     Server1.OBJ
 0001:000034d0       ___vba@007464E8            004044d0     Server1.OBJ
 0001:000034dc       ___vba@00745EB4            004044dc     Server1.OBJ
 0001:00003620       ___vba@00745FF8            00404620     Server1.OBJ
 0001:00003630       ___vba@00746010            00404630     Server1.OBJ
 0001:00003640       ___vba@00746024            00404640     Server1.OBJ
 0001:00003654       ___vba@00746038            00404654     Server1.OBJ
 0001:0000365c       ___vba@00746048            0040465c     Server1.OBJ
 0001:0000366c       ___vba@0074605C            0040466c     Server1.OBJ
 0001:00003680       ___vba@00746070            00404680     Server1.OBJ
 0001:00003690       ___vba@00746084            00404690     Server1.OBJ
 0001:00003698       ___vba@00746090            00404698     Server1.OBJ
 0001:000036a0       ___vba@0074609C            004046a0     Server1.OBJ
 0001:000036a8       ___vba@007460A8            004046a8     Server1.OBJ
 0001:000036b0       ___vba@0781B4A4            004046b0     Server1.OBJ
 0001:000036cc       ___vba@0781B4C4            004046cc     Server1.OBJ
 0001:000036f0       ___vba@0781B4EC            004046f0     Server1.OBJ
 0001:000036f8       ___vba@0781B4F8            004046f8     Server1.OBJ
 0001:00003704       ___vba@0781B508            00404704     Server1.OBJ
 0001:00003710       ___vba@0781B518            00404710     Server1.OBJ
 0001:00003720       ___vba@0781B52C            00404720     Server1.OBJ
 0001:00003740       ___vba@0781B550            00404740     Server1.OBJ
 0001:0000378c       ___vba@0781B5A0            0040478c     Server1.OBJ
 0001:000037b0       ___vba@0781B5C8            004047b0     Server1.OBJ
 0001:000037c8       ___vba@0781B5E4            004047c8     Server1.OBJ
 0001:000037d4       ___vba@0781B5F4            004047d4     Server1.OBJ
 0001:000037e8       ___vba@0781B60C            004047e8     Server1.OBJ
 0001:00003800       ___vba@0781B628            00404800     Server1.OBJ
 0001:0000380c       ___vba@0781B638            0040480c     Server1.OBJ
 0001:00003828       ___vba@0781B658            00404828     Server1.OBJ
 0001:00003854       ___vba@0781B688            00404854     Server1.OBJ
 0001:0000386c       ___vba@0781A7B4            0040486c     Server1.OBJ
 0001:000038ac       ___vba@0781A7FC            004048ac     Server1.OBJ
 0001:000038bc       ___vba@0781A810            004048bc     Server1.OBJ
 0001:000038cc       ___vba@0781A824            004048cc     Server1.OBJ
 0001:000038dc       ___vba@0781A838            004048dc     Server1.OBJ
 0001:000038f0       ___vba@0781A84C            004048f0     Server1.OBJ
 0001:00003908       ___vba@0781A868            00404908     Server1.OBJ
 0001:00003924       ___vba@0781A888            00404924     Server1.OBJ
 0001:00003934       ___vba@0781A89C            00404934     Server1.OBJ
 0001:00003940       ___vba@0781A8AC            00404940     Server1.OBJ
 0001:00003960       ___vba@0781A8D0            00404960     Server1.OBJ
 0001:00003984       ___vba@0781A8F8            00404984     Server1.OBJ
 0001:000039b0       ___vba@0781A928            004049b0     Server1.OBJ
 0001:000039dc       ___vba@0781A95C            004049dc     Server1.OBJ
 0001:000039ec       ___vba@0781A970            004049ec     Server1.OBJ
 0001:000039fc       ___vba@0781A984            004049fc     Server1.OBJ
 0001:00003a0c       ___vba@0781A998            00404a0c     Server1.OBJ
 0001:00003a1c       ___vba@0781B6CC            00404a1c     Server1.OBJ
 0001:00003a30       ___vba@0781B6E0            00404a30     Server1.OBJ
 0001:00003a58       ___vba@0781B70C            00404a58     Server1.OBJ
 0001:00003a60       ___vba@0781B71C            00404a60     Server1.OBJ
 0001:00003a74       ___vba@0781B730            00404a74     Server1.OBJ
 0001:00003a7c       ___vba@0781B73C            00404a7c     Server1.OBJ
 0001:00003a90       ___vba@0781B754            00404a90     Server1.OBJ
 0001:00003a98       ___vba@0781B760            00404a98     Server1.OBJ
 0001:00003aa8       ___vba@0781B774            00404aa8     Server1.OBJ
 0001:00003abc       ___vba@0781B78C            00404abc     Server1.OBJ
 0001:00003ac0       ___vba@0781B798            00404ac0     Server1.OBJ
 0001:00003ad4       ___vba@0781B7AC            00404ad4     Server1.OBJ
 0001:00003ae8       ___vba@0781B7C8            00404ae8     Server1.OBJ
 0001:00003af8       ___vba@0781B7D8            00404af8     Server1.OBJ
 0001:00003b10       ___vba@0781B7F4            00404b10     Server1.OBJ
 0001:00003b4c       ___vba@0781B834            00404b4c     Server1.OBJ
 0001:00003b5c       ___vba@0781B848            00404b5c     Server1.OBJ
 0001:00003b74       ___vba@0781B864            00404b74     Server1.OBJ
 0001:00003b90       ___vba@0781B884            00404b90     Server1.OBJ
 0001:00003bcc       ___vba@0781B8F4            00404bcc     Server1.OBJ
 0001:00003be8       ___vba@0781B914            00404be8     Server1.OBJ
 0001:00003c18       ___vba@0781B948            00404c18     Server1.OBJ
 0001:00003c34       ___vba@0781B968            00404c34     Server1.OBJ
 0001:00003c60       ___vba@0781B998            00404c60     Server1.OBJ
 0001:00003cb8       ___vba@0781B9F4            00404cb8     Server1.OBJ
 0001:00003cd8       ___vba@0781BA18            00404cd8     Server1.OBJ
 0001:00003cf4       ___vba@0781BA38            00404cf4     Server1.OBJ
 0001:00003d3c       ___vba@0781BA84            00404d3c     Server1.OBJ
 0001:00003d58       ___vba@0781BAA4            00404d58     Server1.OBJ
 0001:00003d68       ___vba@0781BAB8            00404d68     Server1.OBJ
 0001:00003d8c       ___vba@0781BAE0            00404d8c     Server1.OBJ
 0001:00003d94       ___vba@0781BB1C            00404d94     Server1.OBJ
 0001:00003de4       ___vba@0781BB70            00404de4     Server1.OBJ
 0001:00003df4       ___vba@0781BB84            00404df4     Server1.OBJ
 0001:00003e10       ___vba@0781BBA4            00404e10     Server1.OBJ
 0001:00003e40       ___vba@0781BBD8            00404e40     Server1.OBJ
 0001:00003e54       ___vba@0781BBF0            00404e54     Server1.OBJ
 0001:00003e70       ___vba@0781BC10            00404e70     Server1.OBJ
 0001:00003eac       ___vba@0781BC50            00404eac     Server1.OBJ
 0001:00003ec4       ___vba@0781BC6C            00404ec4     Server1.OBJ
 0001:00003f10       ___vba@0781BCBC            00404f10     Server1.OBJ
 0001:00003f28       ___vba@0781BCD8            00404f28     Server1.OBJ
 0001:00003f68       ___vba@0781A58C            00404f68     Server1.OBJ
 0001:00003f7c       ___vba@0781A5A4            00404f7c     Server1.OBJ
 0001:00003f90       ___vba@0781A5BC            00404f90     Server1.OBJ
 0001:00003f98       ___vba@0781A5C8            00404f98     Server1.OBJ
 0001:00003fa0       ___vba@0781A5D4            00404fa0     Server1.OBJ
 0001:00003fc8       ___vba@0781A600            00404fc8     Server1.OBJ
 0001:00003fe0       ___vba@0781A61C            00404fe0     Server1.OBJ
 0001:00003fe8       ___vba@0781A628            00404fe8     Server1.OBJ
 0001:00004038       ___vba@0781A67C            00405038     Server1.OBJ
 0001:00004084       ___vba@0781A6CC            00405084     Server1.OBJ
 0001:00004094       ___vba@0781A6E0            00405094     Server1.OBJ
 0001:0000409c       ___vba@0781A6EC            0040509c     Server1.OBJ
 0001:000040ac       ___vba@0781A700            004050ac     Server1.OBJ
 0001:000040c0       ___vba@0781A718            004050c0     Server1.OBJ
 0001:000040d4       ___vba@0781A730            004050d4     Server1.OBJ
 0001:000040e4       ___vba@0781A744            004050e4     Server1.OBJ
 0001:000040f8       ___vba@0781A75C            004050f8     Server1.OBJ
 0001:00004100       ___vba@0781A768            00405100     Server1.OBJ
 0001:00004108       ___vba@0781A774            00405108     Server1.OBJ
 0001:0000411c       ___vba@0781BD44            0040511c     Server1.OBJ
 0001:00004174       ___vba@0781BDA0            00405174     Server1.OBJ
 0001:00004184       ___vba@0781BDB4            00405184     Server1.OBJ
 0001:000041a8       ___vba@0781BDDC            004051a8     Server1.OBJ
 0001:000041f4       ___vba@0781BE2C            004051f4     Server1.OBJ
 0001:00004208       ___vba@0781BE44            00405208     Server1.OBJ
 0001:00004210       ___vba@0781BE50            00405210     Server1.OBJ
 0001:00004220       ___vba@0781BE64            00405220     Server1.OBJ
 0001:00004230       ___vba@0781BE78            00405230     Server1.OBJ
 0001:00004240       ___vba@0781BE8C            00405240     Server1.OBJ
 0001:00004248       ___vba@0781BE98            00405248     Server1.OBJ
 0001:00004258       ___vba@0781BEAC            00405258     Server1.OBJ
 0001:00004268       ___vba@0781BEC0            00405268     Server1.OBJ
 0001:00004270       ___vba@0781BECC            00405270     Server1.OBJ
 0001:00004278       ___vba@0781BED8            00405278     Server1.OBJ
 0001:0000428c       ___vba@0781BEF0            0040528c     Server1.OBJ
 0001:000042a0       ___vba@0781BF08            004052a0     Server1.OBJ
 0001:000042b4       ___vba@0781BF20            004052b4     Server1.OBJ
 0001:000042c8       ___vba@0781A364            004052c8     Server1.OBJ
 0001:00004318       ___vba@0781A3B8            00405318     Server1.OBJ
 0001:0000433c       ___vba@0781A3E0            0040533c     Server1.OBJ
 0001:00004348       ___vba@0781A3F0            00405348     Server1.OBJ
 0001:00004358       ___vba@0781A404            00405358     Server1.OBJ
 0001:0000436c       ___vba@0781A41C            0040536c     Server1.OBJ
 0001:00004384       ___vba@0781A438            00405384     Server1.OBJ
 0001:0000439c       ___vba@0781A454            0040539c     Server1.OBJ
 0001:000043b4       ___vba@0781A470            004053b4     Server1.OBJ
 0001:000043cc       ___vba@0781A48C            004053cc     Server1.OBJ
 0001:000043e4       ___vba@0781A4A8            004053e4     Server1.OBJ
 0001:00004430       ___vba@0781A4F8            00405430     Server1.OBJ
 0001:00004448       ___vba@0781A514            00405448     Server1.OBJ
 0001:0000445c       ___vba@0781A52C            0040545c     Server1.OBJ
 0001:00004474       ___vba@0781A548            00405474     Server1.OBJ
 0001:0000448c       ___vba@0785855C            0040548c     Server1.OBJ
 0001:000044a8       ___vba@0785857C            004054a8     Server1.OBJ
 0001:000044b4       ___vba@0785858C            004054b4     Server1.OBJ
 0001:000044c8       ___vba@078585A8            004054c8     Server1.OBJ
 0001:000044d4       ___vba@078585F0            004054d4     Server1.OBJ
 0001:000044e0       ___vba@07858638            004054e0     Server1.OBJ
 0001:000044ec       ___vba@078586B8            004054ec     Server1.OBJ
 0001:000044f8       ___vba@07858700            004054f8     Server1.OBJ
 0001:00004504       ___vba@07858748            00405504     Server1.OBJ
 0001:00004514       ___vba@07858A1C            00405514     Server1.OBJ
 0001:00004528       ___vba@07858AA4            00405528     Server1.OBJ
 0001:00004538       ___vba@07858AF0            00405538     Server1.OBJ
 0001:00004554       ___vba@07858B48            00405554     Server1.OBJ
 0001:00004560       ___vba@07858B90            00405560     Server1.OBJ
 0001:00004570       ___vba@07858C0C            00405570     Server1.OBJ
 0001:00004580       ___vba@07858C58            00405580     Server1.OBJ
 0001:0000458c       ___vba@07858CD8            0040558c     Server1.OBJ
 0001:000045a4       ___vba@07858D30            004055a4     Server1.OBJ
 0001:000045b4       ___vba@07858D7C            004055b4     Server1.OBJ
 0001:000045c4       ___vba@07859024            004055c4     Server1.OBJ
 0001:000045d4       ___vba@07859070            004055d4     Server1.OBJ
 0001:000045e0       ___vba@078590B8            004055e0     Server1.OBJ
 0001:000045f0       ___vba@07859104            004055f0     Server1.OBJ
 0001:000045fc       ___vba@0785914C            004055fc     Server1.OBJ
 0001:00004608       ___vba@07859194            00405608     Server1.OBJ
 0001:00004618       ___vba@078591E0            00405618     Server1.OBJ
 0001:0000462c       ___vba@078591F4            0040562c     Server1.OBJ
 0001:0000464c       ___vba@07859284            0040564c     Server1.OBJ
 0001:00004658       ___vba@078592CC            00405658     Server1.OBJ
 0001:0000466c       ___vba@0785931C            0040566c     Server1.OBJ
 0001:00004680       ___vba@0785936C            00405680     Server1.OBJ
 0001:00004694       ___vba@078593BC            00405694     Server1.OBJ
 0001:000046a8       ___vba@0785940C            004056a8     Server1.OBJ
 0001:000046b8       ___vba@07859420            004056b8     Server1.OBJ
 0001:000046cc       ___vba@0781AE9C            004056cc     Server1.OBJ
 0001:000046d8       ___vba@0781AEE4            004056d8     Server1.OBJ
 0001:000046e8       ___vba@0781AF30            004056e8     Server1.OBJ
 0001:000046fc       ___vba@0781AFB8            004056fc     Server1.OBJ
 0001:0000470c       ___vba@0781B004            0040570c     Server1.OBJ
 0001:00004720       ___vba@078596D4            00405720     Server1.OBJ
 0001:00004734       ___vba@07859724            00405734     Server1.OBJ
 0001:00004740       ___vba@0785976C            00405740     Server1.OBJ
 0001:00004750       ___vba@078597B8            00405750     Server1.OBJ
 0001:00004760       ___vba@07859804            00405760     Server1.OBJ
 0001:0000476c       ___vba@07859884            0040576c     Server1.OBJ
 0001:00004778       ___vba@078598FC            00405778     Server1.OBJ
 0001:00004788       ___vba@07859948            00405788     Server1.OBJ
 0001:00004798       ___vba@07859994            00405798     Server1.OBJ
 0001:000047a4       ___vba@078599DC            004057a4     Server1.OBJ
 0001:000047b8       ___vba@07859A2C            004057b8     Server1.OBJ
 0001:000047cc       ___vba@07859A7C            004057cc     Server1.OBJ
 0001:000047d8       ___vba@0074678C            004057d8     Server1.OBJ
 0001:000047e8       ___vba@007467D8            004057e8     Server1.OBJ
 0001:000047f4       ___vba@00746820            004057f4     Server1.OBJ
 0001:00004800       ___vba@00746868            00405800     Server1.OBJ
 0001:00004810       ___vba@007468B4            00405810     Server1.OBJ
 0001:0000481c       ___vba@00746934            0040581c     Server1.OBJ
 0001:0000482c       ___vba@07859B94            0040582c     Server1.OBJ
 0001:0000483c       ___vba@07859BE0            0040583c     Server1.OBJ
 0001:0000484c       ___vba@07859C2C            0040584c     Server1.OBJ
 0001:0000485c       ___vba@07859C78            0040585c     Server1.OBJ
 0001:00004868       ___vba@07859CC0            00405868     Server1.OBJ
 0001:0000487c       ___vba@07859F74            0040587c     Server1.OBJ
 0001:00004898       ___vba@07859FCC            00405898     Server1.OBJ
 0001:000048a4       ___vba@0785A014            004058a4     Server1.OBJ
 0001:000048b0       ___vba@0785A05C            004058b0     Server1.OBJ
 0001:000048c4       ___vba@0785A0AC            004058c4     Server1.OBJ
 0001:000048d4       ___vba@0785A0F8            004058d4     Server1.OBJ
 0001:000048f0       ___vba@0785A114            004058f0     Server1.OBJ
 0001:00004910       ___vba@0785A19C            00405910     Server1.OBJ
 0001:0000491c       ___vba@0785A1E4            0040591c     Server1.OBJ
 0001:00004928       ___vba@0785A22C            00405928     Server1.OBJ
 0001:0000493c       ___vba@0785A27C            0040593c     Server1.OBJ
 0001:0000494c       ___vba@0785A2C8            0040594c     Server1.OBJ
 0001:00004960       ___vba@0785A350            00405960     Server1.OBJ
 0001:00004970       ___vba@07856594            00405970     Server1.OBJ
 0001:00004980       ___vba@078565E0            00405980     Server1.OBJ
 0001:00004994       ___vba@0785662C            00405994     Server1.OBJ
 0001:00004a28       ___vba@078566C4            00405a28     Server1.OBJ
 0001:00004a30       ___vba@078566D0            00405a30     Server1.OBJ
 0001:00004a44       ___vba@078566E8            00405a44     Server1.OBJ
 0001:00004a58       ___vba@07856700            00405a58     Server1.OBJ
 0001:00004a78       ___vba@07856724            00405a78     Server1.OBJ
 0001:00004a90       ___vba@07856784            00405a90     Server1.OBJ
 0001:00004adc       ___vba@078567D4            00405adc     Server1.OBJ
 0001:00004b30       ___vba@0785682C            00405b30     Server1.OBJ
 0001:00004b80       ___vba@07856880            00405b80     Server1.OBJ
 0001:00004b94       ___vba@07856898            00405b94     Server1.OBJ
 0001:00004be4       ___vba@078568EC            00405be4     Server1.OBJ
 0001:00004c20       ___vba@0785692C            00405c20     Server1.OBJ
 0001:00004c28       ___vba@07856938            00405c28     Server1.OBJ
 0001:00004c44       ___vba@07856958            00405c44     Server1.OBJ
 0001:00004c54       ___vba@078569AC            00405c54     Server1.OBJ
 0001:00004cb0       ___vba@07856A0C            00405cb0     Server1.OBJ
 0001:00004cd8       ___vba@07856A38            00405cd8     Server1.OBJ
 0001:00004ce8       ___vba@07856A4C            00405ce8     Server1.OBJ
 0001:00004d14       ___vba@07856A7C            00405d14     Server1.OBJ
 0001:00004d1c       ___vba@07856A88            00405d1c     Server1.OBJ
 0001:00004d28       ___vba@07856A98            00405d28     Server1.OBJ
 0001:00004d34       ___vba@07856AA8            00405d34     Server1.OBJ
 0001:00004d44       ___vba@07856ABC            00405d44     Server1.OBJ
 0001:00004d90       ___vba@07856B0C            00405d90     Server1.OBJ
 0001:00004db0       ___vba@07856B30            00405db0     Server1.OBJ
 0001:00004dd4       ___vba@07856B58            00405dd4     Server1.OBJ
 0001:00004df4       ___vba@07856C0C            00405df4     Server1.OBJ
 0001:00004e00       ___vba@07856C54            00405e00     Server1.OBJ
 0001:00004e10       ___vba@07856CA0            00405e10     Server1.OBJ
 0001:00004e28       ___vba@07856CF0            00405e28     Server1.OBJ
 0001:00004e3c       ___vba@07856D08            00405e3c     Server1.OBJ
 0001:00004e48       ___vba@07856D1C            00405e48     Server1.OBJ
 0001:00004e54       ___vba@07856D9C            00405e54     Server1.OBJ
 0001:00004e60       ___vba@07856E34            00405e60     Server1.OBJ
 0001:00004e74       ___vba@07856E80            00405e74     Server1.OBJ
 0001:00004e88       ___vba@07856E98            00405e88     Server1.OBJ
 0001:00004f00       ___vba@00744D74            00405f00     Server1.OBJ
 0001:00004ff4       ___vba@0781AC04            00405ff4     Server1.OBJ
 0001:0000501c       ___vba@0781AC30            0040601c     Server1.OBJ
 0001:00005028       ___vba@0781AC40            00406028     Server1.OBJ
 0001:00005034       ___vba@0781AC50            00406034     Server1.OBJ
 0001:00005040       ___vba@0781AC60            00406040     Server1.OBJ
 0001:0000504c       ___vba@0781AC70            0040604c     Server1.OBJ
 0001:00005058       ___vba@0781AC80            00406058     Server1.OBJ
 0001:00005064       ___vba@0781AC90            00406064     Server1.OBJ
 0001:00005070       ___vba@0781ACA0            00406070     Server1.OBJ
 0001:0000507c       ___vba@0781ACB0            0040607c     Server1.OBJ
 0001:00005088       ___vba@0781ACC0            00406088     Server1.OBJ
 0001:00005094       ___vba@0781ACD0            00406094     Server1.OBJ
 0001:000050a0       ___vba@0781ACE0            004060a0     Server1.OBJ
 0001:000050ac       ___vba@0781ACF0            004060ac     Server1.OBJ
 0001:000050b4       ___vba@0781ACFC            004060b4     Server1.OBJ
 0001:000050c0       VB@BTXT                    004060c0     Server1.OBJ
 0001:000050d0       ?setNOTIFYICONDATA@Form1@@AAGXXZ 004060d0 f   Server.OBJ
 0001:00005220       ?Puls@Form1@@AAGXXZ        00406220 f   Server.OBJ
 0001:00007040       ?Puls_@Form1@@AAGXXZ       00408040 f   Server.OBJ
 0001:000083d0       ?NoteList@Form1@@AAGXXZ    004093d0 f   Server.OBJ
 0001:000091e0       ?Pro_List@Form1@@AAGXXZ    0040a1e0 f   Server.OBJ
 0001:00009f10       ?Command1_Click@Form1@@AAGXXZ 0040af10 f   Server.OBJ
 0001:0000a270       ?Command2_Click@Form1@@AAGXXZ 0040b270 f   Server.OBJ
 0001:0000a680       ?Command3_Click@Form1@@AAGXXZ 0040b680 f   Server.OBJ
 0001:0000a870       ?Command4_Click@Form1@@AAGXXZ 0040b870 f   Server.OBJ
 0001:0000a950       ?Command5_Click@Form1@@AAGXXZ 0040b950 f   Server.OBJ
 0001:0000bf70       ?Form_MouseMove@Form1@@AAGXXZ 0040cf70 f   Server.OBJ
 0001:0000c150       ?Form_Load@Form1@@AAGXXZ   0040d150 f   Server.OBJ
 0001:0000c950       ?Form_Unload@Form1@@AAGXXZ 0040d950 f   Server.OBJ
 0001:0000cc50       ?List_con_Click@Form1@@AAGXXZ 0040dc50 f   Server.OBJ
 0001:0000cfe0       ?List_conect_Timer@Form1@@AAGXXZ 0040dfe0 f   Server.OBJ
 0001:0000e800       ?Teh_Close@Form1@@AAGXXZ   0040f800 f   Server.OBJ
 0001:0000eab0       ?Teh_ConnectionRequest@Form1@@AAGXXZ 0040fab0 f   Server.OBJ
 0001:0000fcc0       ?Teh_DataArrival@Form1@@AAGXXZ 00410cc0 f   Server.OBJ
 0001:0001ec40       ?Text2_Change@Form1@@AAGXXZ 0041fc40 f   Server.OBJ
 0001:0001efe0       ?Timer1_Timer@Form1@@AAGXXZ 0041ffe0 f   Server.OBJ
 0001:0001f190       ?Timer2_Timer@Form1@@AAGXXZ 00420190 f   Server.OBJ
 0001:0001f680       ?Timer3_Timer@Form1@@AAGXXZ 00420680 f   Server.OBJ
 0001:0001f720       ?Timer4_Timer@Form1@@AAGXXZ 00420720 f   Server.OBJ
 0001:0001fa70       ?Timer5_Timer@Form1@@AAGXXZ 00420a70 f   Server.OBJ
 0001:0001fdc0       ?Wd_timer_Timer@Form1@@AAGXXZ 00420dc0 f   Server.OBJ
 0001:000205e0       ?End_session@Global@@AAGXXZ 004215e0 f   Global.OBJ
 0001:000212c0       ?List_Online@Global@@AAGXXZ 004222c0 f   Global.OBJ
 0001:00021e10       ?ID_UID@Global@@AAGXXZ     00422e10 f   Global.OBJ
 0001:000221b0       ?Is_Noth@Global@@AAGXXZ    004231b0 f   Global.OBJ
 0001:000223a0       ?Priv_Id@Global@@AAGXXZ    004233a0 f   Global.OBJ
 0001:000244e0       ?Add_Priv@Global@@AAGXXZ   004254e0 f   Global.OBJ
 0001:00024da0       ?List_Priv@Global@@AAGXXZ  00425da0 f   Global.OBJ
 0001:00025530       ?List_Note@Global@@AAGXXZ  00426530 f   Global.OBJ
 0001:00025bf0       ?Stat_@Global@@AAGXXZ      00426bf0 f   Global.OBJ
 0001:000275d0       ?printf@Global@@AAGXXZ     004285d0 f   Global.OBJ
 0001:00027960       ?Load_Pers_Teh@Global@@AAGXXZ 00428960 f   Global.OBJ
 0001:000286c0       ?Vid@Global@@AAGXXZ        004296c0 f   Global.OBJ
 0001:00028d80       ?List_teh@Tehnika@@AAGXXZ  00429d80 f   Tehnika.OBJ
 0001:0002b280       ?List_pers@Personal@@AAGXXZ 0042c280 f   Personal.OBJ
 0001:0002d5a0       ?Add_Pers@Personal@@AAGXXZ 0042e5a0 f   Personal.OBJ
 0001:0002e300       VB@ETXT                    0042f300     Server1.OBJ
 0002:00000000       __adjust_fdiv              00430000     VBAEXE6:natsupp.obj
 0002:00000008       VB@BSS                     00430008     Server1.OBJ
 0002:00000010       ___vba@0781B070            00430010     Server1.OBJ
 0002:00000024       _Global                    00430024     Server1.OBJ
 0002:000000f4       _Personal                  004300f4     Server1.OBJ
 0002:00000104       _Tehnika                   00430104     Server1.OBJ
 0002:00000558       ___vba@07858D24            00430558     Server1.OBJ
 0002:00000598       ___vba@0076363C            00430598     Server1.OBJ

 entry point at        0001:00000b30

 Static symbols

